 KPT            1  SPIN            1  KWEIGHT    1.0000000000000000     
     1   -23.009  2.00000
     2   -11.171  2.00000
     3    -8.410  2.00000
     4    -7.003  2.00000
     5     7.886  0.00000
     6    15.713  0.00000

