 Fermi distribution function

Calculation with static geometry


********************************************************************************
 iSCC Total electronic   Diff electronic      SCC error    
    7   -0.32323916E+01   -0.88817842E-15    0.40194170E-09
********************************************************************************

 Total charge:    -0.00000000

 Atomic gross charges (e)
 Atom           Charge
    1      -0.30293867
    2       0.07718310
    3       0.08037204
    4       0.07126836
    5       0.07411517

Nr. of electrons (up):      8.00000000
Atom populations (up)
 Atom       Population
    1       4.30293867
    2       0.92281690
    3       0.91962796
    4       0.92873164
    5       0.92588483

l-shell populations (up)
 Atom Sh.   l       Population
    1   1   0       1.29793068
    1   2   1       3.00500799
    2   1   0       0.92281690
    3   1   0       0.91962796
    4   1   0       0.92873164
    5   1   0       0.92588483

Orbital populations (up)
 Atom Sh.   l   m       Population  Label
    1   1   0   0       1.29793068  s
    1   2   1  -1       1.00296573  p_y
    1   2   1   0       1.01107437  p_z
    1   2   1   1       0.99096789  p_x
    2   1   0   0       0.92281690  s
    3   1   0   0       0.91962796  s
    4   1   0   0       0.92873164  s
    5   1   0   0       0.92588483  s

Fermi level:                        -0.0151228386 H           -0.4115 eV
Band energy:                        -3.1565222990 H          -85.8933 eV
TS:                                  0.0000000000 H            0.0000 eV
Band free energy (E-TS):            -3.1565222990 H          -85.8933 eV
Extrapolated E(0K):                 -3.1565222990 H          -85.8933 eV
Input / Output electrons (q):      8.0000000000      8.0000000000

Energy H0:                          -3.2334245073 H          -87.9860 eV
Energy SCC:                          0.0010328734 H            0.0281 eV
Total Electronic energy:            -3.2323916339 H          -87.9579 eV
Repulsive energy:                    0.0086588526 H            0.2356 eV
Total energy:                       -3.2237327813 H          -87.7222 eV
Extrapolated to 0:                  -3.2237327813 H          -87.7222 eV
Total Mermin free energy:           -3.2237327813 H          -87.7222 eV
Force related energy:               -3.2237327813 H          -87.7222 eV

SCC converged

Total Forces
    1      0.017317236991      0.002513803743     -0.002319926415
    2     -0.003183261641      0.002382271689     -0.005838895295
    3      0.007176019601      0.002883860962     -0.004356405299
    4     -0.003304872529     -0.003644224335      0.003210645749
    5     -0.018005122422     -0.004135712059      0.009304581260

Maximal derivative component:        0.180051E-01 au

Dipole moment:   -0.00444286    0.00518313    0.00462774 au
Dipole moment:   -0.01129264    0.01317419    0.01176253 Debye


