 KPT            1  SPIN            1  KWEIGHT    1.0000000000000000     
     1   -14.930  2.00000
     2    -8.866  2.00000
     3    -8.548  2.00000
     4    -8.235  2.00000
     5     5.009  0.00000
     6     6.983  0.00000
     7     9.049  0.00000
     8    13.366  0.00000

